bash: ./compile: No such file or directory
